chain exact classification verified through n= 9
n 1 natural transitive posets 1
n 2 natural transitive posets 2
n 3 natural transitive posets 7
n 4 natural transitive posets 40
n 5 natural transitive posets 357
height/neutral stats
(0, True, True) 62
(1, False, False) 2649
(1, True, True) 2819
(2, False, False) 2320
(2, False, True) 1284
(2, True, True) 2116
(3, False, False) 225
(3, False, True) 396
(3, True, True) 227
(4, False, False) 4
(4, False, True) 22
(4, True, True) 6
sample nonredundant height2 neutral [(3, (0, 1, 0), 1, 1, (1, 0, 0), (1, 0)), (3, (1, 0, 1), 1, 1, (1, 0, 0), (1, 0)), (4, (0, 1, 0, 0), 1, 1, (2, 0, 0), (2, 0)), (4, (0, 1, 0, 1), 1, 1, (2, 0, 0), (2, 0)), (4, (1, 0, 1, 0), 1, 1, (2, 0, 0), (2, 0)), (4, (1, 0, 1, 1), 1, 1, (2, 0, 0), (2, 0)), (4, (0, 1, 0, 0), 1, 1, (1, 0, 0), (1, 0)), (4, (0, 1, 0, 1), 1, 1, (1, 0, 0), (1, 0)), (4, (1, 0, 1, 1), 1, 1, (1, 0, 0), (1, 0)), (4, (0, 1, 0, 0), 1, 1, (2, 0, 0), (2, 0))]
chain lower/upper Quillen classifications verified through n= 9
chain counts n, redundant, defective, neutral_nonredundant
1 2 0 0
2 3 1 0
3 4 2 2
4 5 3 8
5 6 4 22
6 7 5 52
7 8 6 114
8 9 7 240
9 10 8 494
10 11 9 1004
ALL ASSERTIONS PASSED
