n 1 posets 1
n 2 posets 2
n 3 posets 7
n 4 posets 40
n 5 posets 357
height2 {('neutral_nonred',): 1284, ('unique',): 1284}
first odd-multiple perfect matching examples: []
neutral coverage h: total anchor floor ceil union
0 62 62 5 5 62
1 2819 1470 541 541 1920
2 3400 2102 1063 1063 2706
3 623 508 275 275 556
4 28 24 16 16 24
ALL ASSERTIONS PASSED
chain exact classification verified through n= 9
n 1 natural transitive posets 1
n 2 natural transitive posets 2
n 3 natural transitive posets 7
n 4 natural transitive posets 40
n 5 natural transitive posets 357
height/neutral stats
(0, True, True) 62
(1, False, False) 2649
(1, True, True) 2819
(2, False, False) 2320
(2, False, True) 1284
(2, True, True) 2116
(3, False, False) 225
(3, False, True) 396
(3, True, True) 227
(4, False, False) 4
(4, False, True) 22
(4, True, True) 6
sample nonredundant height2 neutral [(3, (0, 1, 0), 1, 1, (1, 0, 0), (1, 0)), (3, (1, 0, 1), 1, 1, (1, 0, 0), (1, 0)), (4, (0, 1, 0, 0), 1, 1, (2, 0, 0), (2, 0)), (4, (0, 1, 0, 1), 1, 1, (2, 0, 0), (2, 0)), (4, (1, 0, 1, 0), 1, 1, (2, 0, 0), (2, 0)), (4, (1, 0, 1, 1), 1, 1, (2, 0, 0), (2, 0)), (4, (0, 1, 0, 0), 1, 1, (1, 0, 0), (1, 0)), (4, (0, 1, 0, 1), 1, 1, (1, 0, 0), (1, 0)), (4, (1, 0, 1, 1), 1, 1, (1, 0, 0), (1, 0)), (4, (0, 1, 0, 0), 1, 1, (2, 0, 0), (2, 0))]
chain lower/upper Quillen classifications verified through n= 9
chain counts n, redundant, defective, neutral_nonredundant
1 2 0 0
2 3 1 0
3 4 2 2
4 5 3 8
5 6 4 22
6 7 5 52
7 8 6 114
8 9 7 240
9 10 8 494
10 11 9 1004
ALL ASSERTIONS PASSED
n 1 height<=2 posets 1 cases 2 neutral 2 neutral_nonred 0
n 2 height<=2 posets 2 cases 8 neutral 7 neutral_nonred 0
n 3 height<=2 posets 7 cases 56 neutral 42 neutral_nonred 2
n 4 height<=2 posets 39 cases 624 neutral 402 neutral_nonred 50
n 5 height<=2 posets 330 cases 10560 neutral 5828 neutral_nonred 1232
n 6 height<=2 posets 4117 cases 263488 neutral 123650 neutral_nonred 36783
ALL REPAIR-FOREST ASSERTIONS PASSED
