{
  "exact_parallelogram_tests": 6561,
  "projective_Clifford_sizes": {
    "1": 24,
    "2": 11520
  },
  "random_circuits": 240,
  "exact_normalization_checks": 5760,
  "numerical_crosscheck_max_amplitude_error": 1.1157603309187458e-15,
  "independent_exact_path_sum_circuits": 120,
  "HSH": {
    "0": [
      [
        "1",
        "0"
      ],
      [
        "0",
        "0"
      ]
    ],
    "1": [
      [
        "1/2",
        "0"
      ],
      [
        "1/2",
        "0"
      ]
    ],
    "2": [
      [
        "0",
        "0"
      ],
      [
        "1",
        "0"
      ]
    ],
    "3": [
      [
        "1/2",
        "0"
      ],
      [
        "1/2",
        "0"
      ]
    ]
  },
  "HTH": [
    [
      "1/2",
      "1/4"
    ],
    [
      "1/2",
      "-1/4"
    ]
  ],
  "Deutsch_Jozsa": [
    {
      "n": 2,
      "functions": 8,
      "correct": 8
    },
    {
      "n": 3,
      "functions": 72,
      "correct": 72
    }
  ],
  "Grover": [
    {
      "n": 2,
      "all_marked_probabilities": [
        [
          "1",
          "0"
        ],
        [
          "1",
          "0"
        ],
        [
          "1",
          "0"
        ],
        [
          "1",
          "0"
        ]
      ]
    },
    {
      "n": 3,
      "all_marked_probabilities": [
        [
          "25/32",
          "0"
        ],
        [
          "25/32",
          "0"
        ],
        [
          "25/32",
          "0"
        ],
        [
          "25/32",
          "0"
        ],
        [
          "25/32",
          "0"
        ],
        [
          "25/32",
          "0"
        ],
        [
          "25/32",
          "0"
        ],
        [
          "25/32",
          "0"
        ]
      ]
    }
  ],
  "Bell": {
    "ZZ": [
      "1",
      "0"
    ],
    "XX": [
      "1",
      "0"
    ],
    "ZX": [
      "0",
      "0"
    ],
    "XZ": [
      "0",
      "0"
    ]
  },
  "CHSH": {
    "correlations": [
      [
        "0",
        "1/2"
      ],
      [
        "0",
        "1/2"
      ],
      [
        "0",
        "1/2"
      ],
      [
        "0",
        "-1/2"
      ]
    ],
    "S": [
      "0",
      "2"
    ],
    "exact_C8_measurements": true
  },
  "predicate_phase_identity_checks": 8192,
  "all_16_pi_phase_oracle_decompositions": true,
  "elapsed_seconds": 0.924
}
