This is pdfTeX, Version 3.141592653-2.6-1.40.26 (TeX Live 2025/dev/Debian) (preloaded format=latex)
 restricted \write18 enabled.
entering extended mode
(./LM_Modal_Bridge_Report.tex
LaTeX2e <2024-11-01> patch level 2
L3 programming layer <2025-01-18>
(/usr/share/texlive/texmf-dist/tex/latex/base/article.cls
Document Class: article 2024/06/29 v1.4n Standard LaTeX document class
(/usr/share/texlive/texmf-dist/tex/latex/base/size11.clo))
(/usr/share/texlive/texmf-dist/tex/latex/geometry/geometry.sty
(/usr/share/texlive/texmf-dist/tex/latex/graphics/keyval.sty)
(/usr/share/texlive/texmf-dist/tex/generic/iftex/ifvtex.sty
(/usr/share/texlive/texmf-dist/tex/generic/iftex/iftex.sty)))
(/usr/share/texlive/texmf-dist/tex/latex/amsmath/amsmath.sty
For additional information on amsmath, use the `?' option.
(/usr/share/texlive/texmf-dist/tex/latex/amsmath/amstext.sty
(/usr/share/texlive/texmf-dist/tex/latex/amsmath/amsgen.sty))
(/usr/share/texlive/texmf-dist/tex/latex/amsmath/amsbsy.sty)
(/usr/share/texlive/texmf-dist/tex/latex/amsmath/amsopn.sty))
(/usr/share/texlive/texmf-dist/tex/latex/amsfonts/amssymb.sty
(/usr/share/texlive/texmf-dist/tex/latex/amsfonts/amsfonts.sty))
(/usr/share/texlive/texmf-dist/tex/latex/amscls/amsthm.sty)
(/usr/share/texlive/texmf-dist/tex/latex/mathtools/mathtools.sty
(/usr/share/texlive/texmf-dist/tex/latex/tools/calc.sty)
(/usr/share/texlive/texmf-dist/tex/latex/mathtools/mhsetup.sty))
(/usr/share/texlive/texmf-dist/tex/latex/booktabs/booktabs.sty)
(/usr/share/texlive/texmf-dist/tex/latex/tools/longtable.sty)
(/usr/share/texlive/texmf-dist/tex/latex/tools/array.sty)
(/usr/share/texlive/texmf-dist/tex/latex/enumitem/enumitem.sty)
(/usr/share/texlive/texmf-dist/tex/latex/hyperref/hyperref.sty
(/usr/share/texlive/texmf-dist/tex/latex/kvsetkeys/kvsetkeys.sty)
(/usr/share/texlive/texmf-dist/tex/generic/kvdefinekeys/kvdefinekeys.sty)
(/usr/share/texlive/texmf-dist/tex/generic/pdfescape/pdfescape.sty
(/usr/share/texlive/texmf-dist/tex/generic/ltxcmds/ltxcmds.sty)
(/usr/share/texlive/texmf-dist/tex/generic/pdftexcmds/pdftexcmds.sty
(/usr/share/texlive/texmf-dist/tex/generic/infwarerr/infwarerr.sty)))
(/usr/share/texlive/texmf-dist/tex/latex/hycolor/hycolor.sty)
(/usr/share/texlive/texmf-dist/tex/latex/hyperref/nameref.sty
(/usr/share/texlive/texmf-dist/tex/latex/refcount/refcount.sty)
(/usr/share/texlive/texmf-dist/tex/generic/gettitlestring/gettitlestring.sty
(/usr/share/texlive/texmf-dist/tex/latex/kvoptions/kvoptions.sty)))
(/usr/share/texlive/texmf-dist/tex/latex/etoolbox/etoolbox.sty)
(/usr/share/texlive/texmf-dist/tex/generic/stringenc/stringenc.sty)
(/usr/share/texlive/texmf-dist/tex/latex/hyperref/pd1enc.def)
(/usr/share/texlive/texmf-dist/tex/generic/intcalc/intcalc.sty)
(/usr/share/texlive/texmf-dist/tex/latex/hyperref/puenc.def)
(/usr/share/texlive/texmf-dist/tex/latex/url/url.sty)
(/usr/share/texlive/texmf-dist/tex/generic/bitset/bitset.sty
(/usr/share/texlive/texmf-dist/tex/generic/bigintcalc/bigintcalc.sty))
(/usr/share/texlive/texmf-dist/tex/latex/base/atbegshi-ltx.sty))
(/usr/share/texlive/texmf-dist/tex/latex/hyperref/hdvips.def
(/usr/share/texlive/texmf-dist/tex/latex/hyperref/pdfmark.def
(/usr/share/texlive/texmf-dist/tex/latex/rerunfilecheck/rerunfilecheck.sty
(/usr/share/texlive/texmf-dist/tex/latex/base/atveryend-ltx.sty)
(/usr/share/texlive/texmf-dist/tex/generic/uniquecounter/uniquecounter.sty))))
(/usr/share/texlive/texmf-dist/tex/latex/xcolor/xcolor.sty
(/usr/share/texlive/texmf-dist/tex/latex/graphics-cfg/color.cfg)
(/usr/share/texlive/texmf-dist/tex/latex/graphics-def/dvips.def)
(/usr/share/texlive/texmf-dist/tex/latex/graphics/mathcolor.ltx))
(/usr/share/texlive/texmf-dist/tex/latex/listings/listings.sty
(/usr/share/texlive/texmf-dist/tex/latex/listings/lstpatch.sty)
(/usr/share/texlive/texmf-dist/tex/latex/listings/lstmisc.sty)
(/usr/share/texlive/texmf-dist/tex/latex/listings/listings.cfg))
(/usr/share/texlive/texmf-dist/tex/latex/base/fontenc.sty)
(/usr/share/texmf/tex/latex/lm/lmodern.sty)
(/usr/share/texmf/tex/latex/lm/t1lmr.fd)
(/usr/share/texlive/texmf-dist/tex/latex/l3backend/l3backend-dvips.def)
No file LM_Modal_Bridge_Report.aux.
*geometry* driver: auto-detecting
*geometry* detected driver: dvips
(/usr/share/texlive/texmf-dist/tex/latex/graphics/graphicx.sty
(/usr/share/texlive/texmf-dist/tex/latex/graphics/graphics.sty
(/usr/share/texlive/texmf-dist/tex/latex/graphics/trig.sty)
(/usr/share/texlive/texmf-dist/tex/latex/graphics-cfg/graphics.cfg)))

Package hyperref Warning: Rerun to get /PageLabels entry.

(/usr/share/texmf/tex/latex/lm/ot1lmr.fd)
(/usr/share/texmf/tex/latex/lm/omllmm.fd)
(/usr/share/texmf/tex/latex/lm/omslmsy.fd)
(/usr/share/texmf/tex/latex/lm/omxlmex.fd)
(/usr/share/texlive/texmf-dist/tex/latex/amsfonts/umsa.fd)
(/usr/share/texlive/texmf-dist/tex/latex/amsfonts/umsb.fd)
No file LM_Modal_Bridge_Report.toc.

[1]
Overfull \hbox (251.2705pt too wide) detected at line 99
[] [][]\OMS/lmsy/m/n/10.95 ! [] [][]! [] [][]! [] [][]! [] [][]! []

Overfull \hbox (142.89597pt too wide) detected at line 130
[]
(/usr/share/texmf/tex/latex/lm/t1lmtt.fd)
[2]
Overfull \hbox (15.10652pt too wide) in alignment at lines 163--167
 [] [] [] [] 

Underfull \hbox (badness 10000) in paragraph at lines 168--168
[]|\T1/lmr/m/n/10.95 Binary truth

Underfull \hbox (badness 10000) in paragraph at lines 168--169
[]|\T1/lmr/m/n/10.95 Injective for freely

Underfull \hbox (badness 10000) in paragraph at lines 168--169
\T1/lmr/m/n/10.95 assignable $\OML/lmm/m/it/10.95 X; Y$\T1/lmr/m/n/10.95 ;

Underfull \hbox (badness 7273) in paragraph at lines 168--169
\T1/lmr/m/n/10.95 pre-serves XOR and

Underfull \hbox (badness 10000) in paragraph at lines 170--170
[]|\T1/lmr/m/n/10.95 Formula-valued

Underfull \hbox (badness 10000) in paragraph at lines 170--171
[]|\T1/lmr/m/n/10.95 Canonical for each

Underfull \hbox (badness 10000) in paragraph at lines 170--171
\T1/lmr/m/n/10.95 val-u-a-tion; pre-serves

Underfull \hbox (badness 10000) in paragraph at lines 170--171
\T1/lmr/m/n/10.95 Boolean-ring op-er-a-

Underfull \hbox (badness 10000) in paragraph at lines 176--177
[]|\T1/lmr/m/n/10.95 Injective al-ge-bra

Underfull \hbox (badness 10000) in paragraph at lines 176--177
\T1/lmr/m/n/10.95 rep-re-sen-ta-tion into

Underfull \hbox (badness 10000) in paragraph at lines 176--177
\OML/lmm/m/it/10.95 M[]\OT1/lmr/m/n/10.95 (\U/msb/m/n/10.95 F[]\OT1/lmr/m/n/10.
95 )$ \T1/lmr/m/n/10.95 af-ter mul-

Underfull \hbox (badness 5878) in paragraph at lines 176--177
\T1/lmr/m/n/10.95 ti-pli-ca-tion on $\OML/lmm/m/it/10.95 A$ \T1/lmr/m/n/10.95 i
s

Underfull \hbox (badness 3189) in paragraph at lines 178--179
\T1/lmr/m/n/10.95 scalar of $\OML/lmm/m/it/10.95 A$\T1/lmr/m/n/10.95 , not a

Underfull \hbox (badness 10000) in paragraph at lines 180--180
[]|\T1/lmr/m/n/10.95 Bipartite re-

Underfull \hbox (badness 10000) in paragraph at lines 180--181
\T1/lmr/m/n/10.95 dis-tinct type from

Underfull \hbox (badness 10000) in paragraph at lines 182--183
[]|$\OML/lmm/m/it/10.95 A$\T1/lmr/m/n/10.95 -linear func-tional;

Underfull \hbox (badness 2393) in paragraph at lines 184--185
[]|\T1/lmr/m/n/10.95 Reversible co-or-di-nate

Underfull \hbox (badness 10000) in paragraph at lines 184--185
\T1/lmr/m/n/10.95 change; ad-di-tional

Underfull \hbox (badness 10000) in paragraph at lines 188--188
[]|\T1/lmr/m/n/10.95 Symbolic en-

Underfull \hbox (badness 1270) in paragraph at lines 188--189
[]|\T1/lmr/m/n/10.95 Canonical once $\OML/lmm/m/it/10.95 A$ \T1/lmr/m/n/10.95 i
s

Underfull \hbox (badness 1072) in paragraph at lines 188--189
\T1/lmr/m/n/10.95 mod-ule, ma-trix, and

Underfull \hbox (badness 8113) in paragraph at lines 190--190
[]|\T1/lmr/m/n/10.95 Symbolic modal

Underfull \hbox (badness 10000) in paragraph at lines 190--191
[]|\T1/lmr/m/n/10.95 Exact valuation-wise

Underfull \hbox (badness 10000) in paragraph at lines 190--191
\T1/lmr/m/n/10.95 ze-ro/nonzero se-man-

Underfull \hbox (badness 10000) in paragraph at lines 190--191
\T1/lmr/m/n/10.95 tics; sup-port it-self

Underfull \hbox (badness 10000) in paragraph at lines 190--191
\T1/lmr/m/n/10.95 is not an al-ge-bra

Overfull \hbox (15.10652pt too wide) in alignment at lines 167--192
 [] [] [] [] 
[3]
[4] (/usr/share/texmf/tex/latex/lm/ts1lmr.fd)
[5]
[6]
[7]
Overfull \hbox (2.08904pt too wide) in paragraph at lines 462--462
[]\T1/lmr/bx/n/14.4 The strongest bridge the-o-rem: sym-bolic sup-port re-al-iz
es modal
(/usr/share/texmf/tex/latex/lm/ot1lmss.fd)
[8]
[9]
[10]
[11]
[12]
Underfull \hbox (badness 10000) in paragraph at lines 824--824
[]|\T1/lmr/m/n/10.95 ``Valuation nat-u-ral-ity de-rives
[13]
Underfull \hbox (badness 10000) in paragraph at lines 858--858
[]|\T1/lmr/m/n/10.95 Valuation com-mut-ing with

Underfull \hbox (badness 10000) in paragraph at lines 866--866
[]|\T1/lmr/m/n/10.95 Finite-field/XOR quantum-

Underfull \hbox (badness 10000) in paragraph at lines 870--870
[]|\T1/lmr/m/n/10.95 Possibilistic con-tex-tu-al-ity

Underfull \hbox (badness 10000) in paragraph at lines 870--870
\T1/lmr/m/n/10.95 as support/global-section

Underfull \hbox (badness 3229) in paragraph at lines 870--871
[]|\T1/lmr/m/n/10.95 Established by Abramsky--Brandenburger and follow-on
[14]
[15]
Overfull \hbox (781.04427pt too wide) detected at line 981
[] \OMS/lmsy/m/n/10.95 ! [] ! [] ! [] ! [] ! [] ! [] ! [] ! [] ! []\OML/lmm/m/i
t/10.95 :

[16] (/usr/share/texlive/texmf-dist/tex/latex/listings/lstlang1.sty)
(/usr/share/texlive/texmf-dist/tex/latex/listings/lstlang1.sty)
Overfull \hbox (92.73915pt too wide) in paragraph at lines 1040--1043
[]\T1/lmr/m/n/10.95 The prior adversarial-review archive is pre-served un-der \
T1/lmtt/m/n/10.95 inputs/ \T1/lmr/m/n/10.95 and un-packed un-der \T1/lmtt/m/n/1
0.95 prior_adversarial_review/\T1/lmr/m/n/10.95 .

[17]
Underfull \hbox (badness 10000) in paragraph at lines 1056--1060
[]\T1/lmr/m/n/10.95 William Bricken.  \T1/lmr/m/it/10.95 Notes on Ma-trix Tech-
niques for Logic\T1/lmr/m/n/10.95 .  March 1997.

Overfull \hbox (68.93217pt too wide) in paragraph at lines 1056--1060
[][][][][][]\T1/lmr/m/n/10.95 . 

Underfull \hbox (badness 4132) in paragraph at lines 1068--1072
[]\T1/lmr/m/n/10.95 August Stern.  \T1/lmr/m/it/10.95 Ma-trix Logic: The-ory an
d Ap-pli-ca-tions\T1/lmr/m/n/10.95 .  North-Holland, 1988.

Underfull \hbox (badness 6978) in paragraph at lines 1086--1090
[]\T1/lmr/m/n/10.95 Daizhan Cheng and Hong-sheng Qi.  A lin-ear rep-re-sen-ta-t
ion of dy-nam-ics of

Underfull \hbox (badness 1057) in paragraph at lines 1114--1118
\T1/lmr/m/n/10.95 and con-tex-tu-al-ity.  \T1/lmr/m/it/10.95 New Jour-nal of Ph
ysics\T1/lmr/m/n/10.95 , 13(11):113036, 2011.  doi:10.1088/1367-

[18]
[19] (./LM_Modal_Bridge_Report.aux)

LaTeX Warning: Label(s) may have changed. Rerun to get cross-references right.


Package rerunfilecheck Warning: File `LM_Modal_Bridge_Report.out' has changed.
(rerunfilecheck)                Rerun to get outlines right
(rerunfilecheck)                or use package `bookmark'.

 )
(see the transcript file for additional information)
Output written on LM_Modal_Bridge_Report.dvi (19 pages, 87056 bytes).
Transcript written on LM_Modal_Bridge_Report.log.
