Running: /opt/pyvenv/bin/python /mnt/data/cm_review/reproduction/CM_Final_Audit/code/audit_models.py
algebra 1.29
inventories 2.36
contextuality 2.98
ghz 0.28
Running: /opt/pyvenv/bin/python /mnt/data/cm_review/reproduction/CM_Final_Audit/code/audit_protocols.py
gate_synthesis 0.31
protocols 5.94
model_boundaries 0.57
probability 0.59
Running: /opt/pyvenv/bin/python /mnt/data/cm_review/reproduction/CM_Final_Audit/code/audit_restrictions.py
CM_LM 0.0
shared_hierarchy 11.85
orthogonality 1.79
Running: /opt/pyvenv/bin/python /mnt/data/cm_review/reproduction/CM_Final_Audit/code/verify_artifacts.py
{
  "historical_manifests": [
    {
      "package": "Independent_Phase_CM_Tensor_Audit",
      "checked": 19,
      "missing": [],
      "mismatched": []
    },
    {
      "package": "Native_Boolean_CM_Block_Quantum",
      "checked": 25,
      "missing": [],
      "mismatched": []
    },
    {
      "package": "Pure_Boolean_Modal_Quantum",
      "checked": 43,
      "missing": [],
      "mismatched": []
    }
  ],
  "fresh_csv_cardinalities": {
    "resource_inventory_audited_65536.csv": 65536,
    "class_inventory_audited.csv": 15,
    "contextuality_audited_15_classes.csv": 15,
    "measurement_bases_audited_192.csv": 192,
    "teleportation_direct_256x64.csv": 16384,
    "all_resource_branch_rank_audit.csv": 64,
    "dense_coding_64_messages.csv": 64,
    "ghz_tables_audited.csv": 27,
    "bell_tables_audited.csv": 9,
    "shared_restricted_and_quotient_exhaustive.csv": 15
  },
  "python": "3.13.5",
  "platform": "Linux-6.18.44-x86_64-with-glibc2.41",
  "packages": {
    "numpy": "2.3.5",
    "scipy": "1.17.0",
    "sympy": "1.14.0",
    "pytest": "9.0.2"
  }
}
Running: /opt/pyvenv/bin/python /mnt/data/cm_review/reproduction/CM_Final_Audit/code/generate_report_tables.py
Generated report tables and 34 ledger entries
Running: /opt/pyvenv/bin/python -m pytest -q /mnt/data/cm_review/reproduction/CM_Final_Audit/tests -p no:cacheprovider
...............................                                          [100%]
31 passed in 0.66s
