RUN independent
PASS independent 7.812
RUN oracle_contract
PASS oracle_contract 0.686
RUN audit_tests
PASS audit_tests 1.825
RUN historical_pure
PASS historical_pure 29.478
RUN historical_rotation
PASS historical_rotation 0.984
RUN historical_block
PASS historical_block 18.24
RUN historical_tensor
PASS historical_tensor 3.818
RUN audit_models
PASS audit_models 8.385
RUN audit_protocols
PASS audit_protocols 11.573
RUN audit_restrictions
PASS audit_restrictions 18.421
RUN bridge_expanded
PASS bridge_expanded 6.551
RUN bridge_original
PASS bridge_original 6.94
RUN capability_laboratory
PASS capability_laboratory 6.233
RUN capability_ablations
PASS capability_ablations 3.375
RUN capability_bridges_phase
PASS capability_bridges_phase 0.732
RUN capability_two_setting_theorem
PASS capability_two_setting_theorem 0.875
RUN capability_validate_and_index
PASS capability_validate_and_index 1.011
RUN adversarial_extensions
PASS adversarial_extensions 4.568
RUN adversarial_boundaries
PASS adversarial_boundaries 0.772
RUN benchmark_tests
PASS benchmark_tests 1.096
RUN benchmark_raw_audit
PASS benchmark_raw_audit 0.989
Completed 21 explicit stages. Output: /mnt/data/cm_lm_portable_full_validation_v2
