01/38 epfl_ctrl:sel_reg_dst[0] n=5 flat ratio=1.05
02/38 epfl_ctrl:sel_reg_dst[1] n=5 flat ratio=1.03
03/38 epfl_ctrl:sel_alu_opB[0] n=5 product ratio=28.43
04/38 epfl_ctrl:sel_alu_opB[1] n=5 flat ratio=0.98
05/38 epfl_ctrl:alu_op[0] n=7 rank ratio=31.81
06/38 epfl_ctrl:alu_op[1] n=5 product ratio=27.40
07/38 epfl_ctrl:alu_op[2] n=5 flat ratio=1.06
08/38 epfl_ctrl:alu_op_ext[0] n=5 flat ratio=1.05
09/38 epfl_ctrl:alu_op_ext[1] n=5 product ratio=28.26
10/38 epfl_ctrl:alu_op_ext[2] n=5 flat ratio=1.01
11/38 epfl_ctrl:alu_op_ext[3] n=5 flat ratio=0.99
12/38 epfl_ctrl:halt n=5 product ratio=23.21
13/38 epfl_ctrl:reg_write n=5 flat ratio=0.95
14/38 epfl_ctrl:sel_pc_opA n=4 product ratio=20.89
15/38 epfl_ctrl:sel_pc_opB n=4 product ratio=21.33
16/38 epfl_ctrl:beqz n=5 product ratio=21.21
17/38 epfl_ctrl:bnez n=5 product ratio=22.06
18/38 epfl_ctrl:bgez n=5 product ratio=23.77
19/38 epfl_ctrl:bltz n=5 product ratio=22.11
20/38 epfl_ctrl:jump n=3 flat ratio=1.00
21/38 epfl_ctrl:Cin n=6 product ratio=36.25
22/38 epfl_ctrl:invA n=7 product ratio=27.21
23/38 epfl_ctrl:invB n=7 rank ratio=33.15
24/38 epfl_ctrl:sign n=0 flat ratio=0.99
25/38 epfl_ctrl:mem_write n=5 product ratio=21.39
26/38 epfl_ctrl:sel_wb n=5 product ratio=22.41
27/38 synthetic:parity:4 n=4 flat ratio=0.97
28/38 synthetic:inner_product:4 n=4 flat ratio=1.03
29/38 synthetic:product_of_xors:4 n=4 product ratio=21.75
30/38 synthetic:random:4 n=4 flat ratio=1.00
31/38 synthetic:parity:8 n=8 cofactor ratio=28.94
32/38 synthetic:inner_product:8 n=8 xor ratio=22.71
33/38 synthetic:product_of_xors:8 n=8 product ratio=30.65
34/38 synthetic:random:8 n=8 flat ratio=0.98
35/38 synthetic:parity:12 n=12 cofactor ratio=32.28
36/38 synthetic:inner_product:12 n=12 xor ratio=12.06
37/38 synthetic:product_of_xors:12 n=12 product ratio=46.53
38/38 synthetic:random:12 n=12 flat ratio=1.02
