1/38 epfl_ctrl:sel_reg_dst[0] kind=flat replay_ratio=53.95
2/38 epfl_ctrl:sel_reg_dst[1] kind=flat replay_ratio=52.11
3/38 epfl_ctrl:sel_alu_opB[0] kind=product replay_ratio=62.76
4/38 epfl_ctrl:sel_alu_opB[1] kind=flat replay_ratio=53.95
5/38 epfl_ctrl:alu_op[0] kind=rank replay_ratio=138.17
6/38 epfl_ctrl:alu_op[1] kind=product replay_ratio=65.35
7/38 epfl_ctrl:alu_op[2] kind=flat replay_ratio=53.47
8/38 epfl_ctrl:alu_op_ext[0] kind=flat replay_ratio=59.24
9/38 epfl_ctrl:alu_op_ext[1] kind=product replay_ratio=72.32
10/38 epfl_ctrl:alu_op_ext[2] kind=flat replay_ratio=61.74
11/38 epfl_ctrl:alu_op_ext[3] kind=flat replay_ratio=59.09
12/38 epfl_ctrl:halt kind=product replay_ratio=81.99
13/38 epfl_ctrl:reg_write kind=flat replay_ratio=57.35
14/38 epfl_ctrl:sel_pc_opA kind=product replay_ratio=51.87
15/38 epfl_ctrl:sel_pc_opB kind=product replay_ratio=47.87
16/38 epfl_ctrl:beqz kind=product replay_ratio=81.56
17/38 epfl_ctrl:bnez kind=product replay_ratio=79.02
18/38 epfl_ctrl:bgez kind=product replay_ratio=74.45
19/38 epfl_ctrl:bltz kind=product replay_ratio=73.25
20/38 epfl_ctrl:jump kind=flat replay_ratio=16.86
21/38 epfl_ctrl:Cin kind=product replay_ratio=91.66
22/38 epfl_ctrl:invA kind=product replay_ratio=133.80
23/38 epfl_ctrl:invB kind=rank replay_ratio=130.42
24/38 epfl_ctrl:sign kind=flat replay_ratio=1.90
25/38 epfl_ctrl:mem_write kind=product replay_ratio=69.67
26/38 epfl_ctrl:sel_wb kind=product replay_ratio=75.76
27/38 synthetic:parity:4 kind=flat replay_ratio=29.97
28/38 synthetic:inner_product:4 kind=flat replay_ratio=32.48
29/38 synthetic:product_of_xors:4 kind=product replay_ratio=38.99
30/38 synthetic:random:4 kind=flat replay_ratio=36.14
31/38 synthetic:parity:8 kind=cofactor replay_ratio=190.45
32/38 synthetic:inner_product:8 kind=xor replay_ratio=198.08
33/38 synthetic:product_of_xors:8 kind=product replay_ratio=218.21
34/38 synthetic:random:8 kind=flat replay_ratio=291.73
35/38 synthetic:parity:12 kind=cofactor replay_ratio=1324.99
36/38 synthetic:inner_product:12 kind=xor replay_ratio=1339.88
37/38 synthetic:product_of_xors:12 kind=product replay_ratio=1747.85
38/38 synthetic:random:12 kind=flat replay_ratio=6987.17
