01/38 epfl_ctrl:sel_reg_dst[0] n=5 flat ratio=0.99
02/38 epfl_ctrl:sel_reg_dst[1] n=5 flat ratio=1.06
03/38 epfl_ctrl:sel_alu_opB[0] n=5 flat ratio=1.04
04/38 epfl_ctrl:sel_alu_opB[1] n=5 flat ratio=0.97
05/38 epfl_ctrl:alu_op[0] n=7 flat ratio=1.03
06/38 epfl_ctrl:alu_op[1] n=5 flat ratio=1.01
07/38 epfl_ctrl:alu_op[2] n=5 flat ratio=1.02
08/38 epfl_ctrl:alu_op_ext[0] n=5 flat ratio=1.04
09/38 epfl_ctrl:alu_op_ext[1] n=5 flat ratio=1.08
10/38 epfl_ctrl:alu_op_ext[2] n=5 flat ratio=1.02
11/38 epfl_ctrl:alu_op_ext[3] n=5 flat ratio=1.03
12/38 epfl_ctrl:halt n=5 flat ratio=1.01
13/38 epfl_ctrl:reg_write n=5 flat ratio=1.03
14/38 epfl_ctrl:sel_pc_opA n=4 flat ratio=1.02
15/38 epfl_ctrl:sel_pc_opB n=4 flat ratio=1.03
16/38 epfl_ctrl:beqz n=5 flat ratio=0.98
17/38 epfl_ctrl:bnez n=5 flat ratio=1.05
18/38 epfl_ctrl:bgez n=5 flat ratio=1.03
19/38 epfl_ctrl:bltz n=5 flat ratio=1.06
20/38 epfl_ctrl:jump n=3 flat ratio=1.02
21/38 epfl_ctrl:Cin n=6 flat ratio=1.01
22/38 epfl_ctrl:invA n=7 flat ratio=1.06
23/38 epfl_ctrl:invB n=7 flat ratio=1.03
24/38 epfl_ctrl:sign n=0 flat ratio=1.02
25/38 epfl_ctrl:mem_write n=5 flat ratio=1.05
26/38 epfl_ctrl:sel_wb n=5 flat ratio=1.04
27/38 synthetic:parity:4 n=4 flat ratio=1.02
28/38 synthetic:inner_product:4 n=4 flat ratio=1.03
29/38 synthetic:product_of_xors:4 n=4 flat ratio=1.00
30/38 synthetic:random:4 n=4 flat ratio=1.00
31/38 synthetic:parity:8 n=8 xor ratio=46.01
32/38 synthetic:inner_product:8 n=8 xor ratio=32.93
33/38 synthetic:product_of_xors:8 n=8 product ratio=38.35
34/38 synthetic:random:8 n=8 flat ratio=1.01
35/38 synthetic:parity:12 n=12 xor ratio=22.84
36/38 synthetic:inner_product:12 n=12 xor ratio=16.55
37/38 synthetic:product_of_xors:12 n=12 product ratio=52.14
38/38 synthetic:random:12 n=12 flat ratio=1.02
